Archive member included to satisfy reference by file (symbol)

/usr/lib/gcc/avr/7.2.0/avr5/libgcc.a(_udivmodhi4.o)
                              bootloader.o (__udivmodhi4)
/usr/lib/gcc/avr/7.2.0/avr5/libgcc.a(_exit.o)
                              /usr/lib/gcc/avr/7.2.0/../../../../avr/lib/avr5/crtatmega328p.o (exit)
/usr/lib/gcc/avr/7.2.0/avr5/libgcc.a(_copy_data.o)
                              bootloader.o (__do_copy_data)

Discarded input sections

 .data          0x0000000000000000        0x0 /usr/lib/gcc/avr/7.2.0/../../../../avr/lib/avr5/crtatmega328p.o
 .bss           0x0000000000000000        0x0 /usr/lib/gcc/avr/7.2.0/../../../../avr/lib/avr5/crtatmega328p.o
 .bss           0x0000000000000000        0x0 bootloader.o
 .data          0x0000000000000000        0x0 twi_master/twi_master.o
 .bss           0x0000000000000000        0x0 twi_master/twi_master.o
 .text          0x0000000000000000        0x0 /usr/lib/gcc/avr/7.2.0/avr5/libgcc.a(_udivmodhi4.o)
 .data          0x0000000000000000        0x0 /usr/lib/gcc/avr/7.2.0/avr5/libgcc.a(_udivmodhi4.o)
 .bss           0x0000000000000000        0x0 /usr/lib/gcc/avr/7.2.0/avr5/libgcc.a(_udivmodhi4.o)
 .text.libgcc.mul
                0x0000000000000000        0x0 /usr/lib/gcc/avr/7.2.0/avr5/libgcc.a(_udivmodhi4.o)
 .text.libgcc   0x0000000000000000        0x0 /usr/lib/gcc/avr/7.2.0/avr5/libgcc.a(_udivmodhi4.o)
 .text.libgcc.prologue
                0x0000000000000000        0x0 /usr/lib/gcc/avr/7.2.0/avr5/libgcc.a(_udivmodhi4.o)
 .text.libgcc.builtins
                0x0000000000000000        0x0 /usr/lib/gcc/avr/7.2.0/avr5/libgcc.a(_udivmodhi4.o)
 .text.libgcc.fmul
                0x0000000000000000        0x0 /usr/lib/gcc/avr/7.2.0/avr5/libgcc.a(_udivmodhi4.o)
 .text.libgcc.fixed
                0x0000000000000000        0x0 /usr/lib/gcc/avr/7.2.0/avr5/libgcc.a(_udivmodhi4.o)
 .text          0x0000000000000000        0x0 /usr/lib/gcc/avr/7.2.0/avr5/libgcc.a(_exit.o)
 .data          0x0000000000000000        0x0 /usr/lib/gcc/avr/7.2.0/avr5/libgcc.a(_exit.o)
 .bss           0x0000000000000000        0x0 /usr/lib/gcc/avr/7.2.0/avr5/libgcc.a(_exit.o)
 .text.libgcc.mul
                0x0000000000000000        0x0 /usr/lib/gcc/avr/7.2.0/avr5/libgcc.a(_exit.o)
 .text.libgcc.div
                0x0000000000000000        0x0 /usr/lib/gcc/avr/7.2.0/avr5/libgcc.a(_exit.o)
 .text.libgcc   0x0000000000000000        0x0 /usr/lib/gcc/avr/7.2.0/avr5/libgcc.a(_exit.o)
 .text.libgcc.prologue
                0x0000000000000000        0x0 /usr/lib/gcc/avr/7.2.0/avr5/libgcc.a(_exit.o)
 .text.libgcc.builtins
                0x0000000000000000        0x0 /usr/lib/gcc/avr/7.2.0/avr5/libgcc.a(_exit.o)
 .text.libgcc.fmul
                0x0000000000000000        0x0 /usr/lib/gcc/avr/7.2.0/avr5/libgcc.a(_exit.o)
 .text.libgcc.fixed
                0x0000000000000000        0x0 /usr/lib/gcc/avr/7.2.0/avr5/libgcc.a(_exit.o)
 .text          0x0000000000000000        0x0 /usr/lib/gcc/avr/7.2.0/avr5/libgcc.a(_copy_data.o)
 .data          0x0000000000000000        0x0 /usr/lib/gcc/avr/7.2.0/avr5/libgcc.a(_copy_data.o)
 .bss           0x0000000000000000        0x0 /usr/lib/gcc/avr/7.2.0/avr5/libgcc.a(_copy_data.o)
 .text.libgcc.mul
                0x0000000000000000        0x0 /usr/lib/gcc/avr/7.2.0/avr5/libgcc.a(_copy_data.o)
 .text.libgcc.div
                0x0000000000000000        0x0 /usr/lib/gcc/avr/7.2.0/avr5/libgcc.a(_copy_data.o)
 .text.libgcc   0x0000000000000000        0x0 /usr/lib/gcc/avr/7.2.0/avr5/libgcc.a(_copy_data.o)
 .text.libgcc.prologue
                0x0000000000000000        0x0 /usr/lib/gcc/avr/7.2.0/avr5/libgcc.a(_copy_data.o)
 .text.libgcc.builtins
                0x0000000000000000        0x0 /usr/lib/gcc/avr/7.2.0/avr5/libgcc.a(_copy_data.o)
 .text.libgcc.fmul
                0x0000000000000000        0x0 /usr/lib/gcc/avr/7.2.0/avr5/libgcc.a(_copy_data.o)
 .text.libgcc.fixed
                0x0000000000000000        0x0 /usr/lib/gcc/avr/7.2.0/avr5/libgcc.a(_copy_data.o)

Memory Configuration

Name             Origin             Length             Attributes
text             0x0000000000000000 0x0000000000020000 xr
data             0x0000000000800060 0x000000000000ffa0 rw !x
eeprom           0x0000000000810000 0x0000000000010000 rw !x
fuse             0x0000000000820000 0x0000000000000400 rw !x
lock             0x0000000000830000 0x0000000000000400 rw !x
signature        0x0000000000840000 0x0000000000000400 rw !x
user_signatures  0x0000000000850000 0x0000000000000400 rw !x
*default*        0x0000000000000000 0xffffffffffffffff

Linker script and memory map

Address of section .data set to 0x800100
LOAD /usr/lib/gcc/avr/7.2.0/../../../../avr/lib/avr5/crtatmega328p.o
LOAD bootloader.o
LOAD twi_master/twi_master.o
LOAD /usr/lib/gcc/avr/7.2.0/../../../../avr/lib/avr5/libm.a
Address of section .text set to 0x7800
START GROUP
LOAD /usr/lib/gcc/avr/7.2.0/avr5/libgcc.a
LOAD /usr/lib/gcc/avr/7.2.0/../../../../avr/lib/avr5/libm.a
LOAD /usr/lib/gcc/avr/7.2.0/../../../../avr/lib/avr5/libc.a
LOAD /usr/lib/gcc/avr/7.2.0/../../../../avr/lib/avr5/libatmega328p.a
END GROUP
                0x0000000000020000                __TEXT_REGION_LENGTH__ = DEFINED (__TEXT_REGION_LENGTH__)?__TEXT_REGION_LENGTH__:0x20000
                0x000000000000ffa0                __DATA_REGION_LENGTH__ = DEFINED (__DATA_REGION_LENGTH__)?__DATA_REGION_LENGTH__:0xffa0
                0x0000000000010000                __EEPROM_REGION_LENGTH__ = DEFINED (__EEPROM_REGION_LENGTH__)?__EEPROM_REGION_LENGTH__:0x10000
                0x0000000000000400                __FUSE_REGION_LENGTH__ = DEFINED (__FUSE_REGION_LENGTH__)?__FUSE_REGION_LENGTH__:0x400
                0x0000000000000400                __LOCK_REGION_LENGTH__ = DEFINED (__LOCK_REGION_LENGTH__)?__LOCK_REGION_LENGTH__:0x400
                0x0000000000000400                __SIGNATURE_REGION_LENGTH__ = DEFINED (__SIGNATURE_REGION_LENGTH__)?__SIGNATURE_REGION_LENGTH__:0x400
                0x0000000000000400                __USER_SIGNATURE_REGION_LENGTH__ = DEFINED (__USER_SIGNATURE_REGION_LENGTH__)?__USER_SIGNATURE_REGION_LENGTH__:0x400

.hash
 *(.hash)

.dynsym
 *(.dynsym)

.dynstr
 *(.dynstr)

.gnu.version
 *(.gnu.version)

.gnu.version_d
 *(.gnu.version_d)

.gnu.version_r
 *(.gnu.version_r)

.rel.init
 *(.rel.init)

.rela.init
 *(.rela.init)

.rel.text
 *(.rel.text)
 *(.rel.text.*)
 *(.rel.gnu.linkonce.t*)

.rela.text
 *(.rela.text)
 *(.rela.text.*)
 *(.rela.gnu.linkonce.t*)

.rel.fini
 *(.rel.fini)

.rela.fini
 *(.rela.fini)

.rel.rodata
 *(.rel.rodata)
 *(.rel.rodata.*)
 *(.rel.gnu.linkonce.r*)

.rela.rodata
 *(.rela.rodata)
 *(.rela.rodata.*)
 *(.rela.gnu.linkonce.r*)

.rel.data
 *(.rel.data)
 *(.rel.data.*)
 *(.rel.gnu.linkonce.d*)

.rela.data
 *(.rela.data)
 *(.rela.data.*)
 *(.rela.gnu.linkonce.d*)

.rel.ctors
 *(.rel.ctors)

.rela.ctors
 *(.rela.ctors)

.rel.dtors
 *(.rel.dtors)

.rela.dtors
 *(.rela.dtors)

.rel.got
 *(.rel.got)

.rela.got
 *(.rela.got)

.rel.bss
 *(.rel.bss)

.rela.bss
 *(.rela.bss)

.rel.plt
 *(.rel.plt)

.rela.plt
 *(.rela.plt)

.text           0x0000000000007800      0x73e
 *(.vectors)
 .vectors       0x0000000000007800       0x68 /usr/lib/gcc/avr/7.2.0/../../../../avr/lib/avr5/crtatmega328p.o
                0x0000000000007800                __vectors
                0x0000000000007800                __vector_default
 *(.vectors)
 *(.progmem.gcc*)
                0x0000000000007868                . = ALIGN (0x2)
                0x0000000000007868                __trampolines_start = .
 *(.trampolines)
 .trampolines   0x0000000000007868        0x0 linker stubs
 *(.trampolines*)
                0x0000000000007868                __trampolines_end = .
 *libprintf_flt.a:*(.progmem.data)
 *libc.a:*(.progmem.data)
 *(.progmem.*)
                0x0000000000007868                . = ALIGN (0x2)
 *(.lowtext)
 *(.lowtext*)
                0x0000000000007868                __ctors_start = .
 *(.ctors)
                0x0000000000007868                __ctors_end = .
                0x0000000000007868                __dtors_start = .
 *(.dtors)
                0x0000000000007868                __dtors_end = .
 SORT(*)(.ctors)
 SORT(*)(.dtors)
 *(.init0)
 .init0         0x0000000000007868        0x0 /usr/lib/gcc/avr/7.2.0/../../../../avr/lib/avr5/crtatmega328p.o
                0x0000000000007868                __init
 *(.init0)
 *(.init1)
 *(.init1)
 *(.init2)
 .init2         0x0000000000007868        0xc /usr/lib/gcc/avr/7.2.0/../../../../avr/lib/avr5/crtatmega328p.o
 *(.init2)
 *(.init3)
 .init3         0x0000000000007874       0x1e bootloader.o
                0x0000000000007874                get_mcusr
 *(.init3)
 *(.init4)
 .init4         0x0000000000007892       0x16 /usr/lib/gcc/avr/7.2.0/avr5/libgcc.a(_copy_data.o)
                0x0000000000007892                __do_copy_data
 *(.init4)
 *(.init5)
 *(.init5)
 *(.init6)
 *(.init6)
 *(.init7)
 *(.init7)
 *(.init8)
 *(.init8)
 *(.init9)
 .init9         0x00000000000078a8        0x4 /usr/lib/gcc/avr/7.2.0/../../../../avr/lib/avr5/crtatmega328p.o
 *(.init9)
 *(.text)
 .text          0x00000000000078ac        0x2 /usr/lib/gcc/avr/7.2.0/../../../../avr/lib/avr5/crtatmega328p.o
                0x00000000000078ac                __vector_22
                0x00000000000078ac                __vector_1
                0x00000000000078ac                __vector_24
                0x00000000000078ac                __vector_12
                0x00000000000078ac                __bad_interrupt
                0x00000000000078ac                __vector_6
                0x00000000000078ac                __vector_3
                0x00000000000078ac                __vector_23
                0x00000000000078ac                __vector_25
                0x00000000000078ac                __vector_11
                0x00000000000078ac                __vector_13
                0x00000000000078ac                __vector_17
                0x00000000000078ac                __vector_19
                0x00000000000078ac                __vector_7
                0x00000000000078ac                __vector_5
                0x00000000000078ac                __vector_4
                0x00000000000078ac                __vector_9
                0x00000000000078ac                __vector_2
                0x00000000000078ac                __vector_21
                0x00000000000078ac                __vector_15
                0x00000000000078ac                __vector_8
                0x00000000000078ac                __vector_14
                0x00000000000078ac                __vector_10
                0x00000000000078ac                __vector_16
                0x00000000000078ac                __vector_18
                0x00000000000078ac                __vector_20
 .text          0x00000000000078ae       0x64 bootloader.o
 .text          0x0000000000007912      0x358 twi_master/twi_master.o
                0x0000000000007912                twi_master_init
                0x000000000000791e                twi_master_start
                0x0000000000007954                twi_master_stop
                0x000000000000795c                twi_master_write
                0x000000000000799a                twi_master_read
                0x00000000000079e0                twi_master_read16_reg8
                0x0000000000007a84                twi_master_read16_reg16
                0x0000000000007b4c                twi_master_write16_reg8
                0x0000000000007bce                twi_master_write16_reg16
                0x0000000000007c6a                . = ALIGN (0x2)
 *(.text.*)
 .text.startup  0x0000000000007c6a      0x2a8 bootloader.o
                0x0000000000007c6a                main
 .text.libgcc.div
                0x0000000000007f12       0x28 /usr/lib/gcc/avr/7.2.0/avr5/libgcc.a(_udivmodhi4.o)
                0x0000000000007f12                __udivmodhi4
                0x0000000000007f3a                . = ALIGN (0x2)
 *(.fini9)
 .fini9         0x0000000000007f3a        0x0 /usr/lib/gcc/avr/7.2.0/avr5/libgcc.a(_exit.o)
                0x0000000000007f3a                exit
                0x0000000000007f3a                _exit
 *(.fini9)
 *(.fini8)
 *(.fini8)
 *(.fini7)
 *(.fini7)
 *(.fini6)
 *(.fini6)
 *(.fini5)
 *(.fini5)
 *(.fini4)
 *(.fini4)
 *(.fini3)
 *(.fini3)
 *(.fini2)
 *(.fini2)
 *(.fini1)
 *(.fini1)
 *(.fini0)
 .fini0         0x0000000000007f3a        0x4 /usr/lib/gcc/avr/7.2.0/avr5/libgcc.a(_exit.o)
 *(.fini0)
 *(.hightext)
 *(.hightext*)
 *(.progmemx.*)
                0x0000000000007f3e                . = ALIGN (0x2)
 *(.jumptables)
 *(.jumptables*)
                0x0000000000007f3e                _etext = .

.data           0x0000000000800100        0x8 load address 0x0000000000007f3e
                0x0000000000800100                PROVIDE (__data_start, .)
 *(.data)
 .data          0x0000000000800100        0x7 bootloader.o
                0x0000000000800100                application_crc_expected_index
                0x0000000000800102                ic_addr
                0x0000000000800103                mem_addr1
                0x0000000000800105                mem_addr
 *(.data*)
 *(.gnu.linkonce.d*)
 *(.rodata)
 *(.rodata*)
 *(.gnu.linkonce.r*)
                0x0000000000800108                . = ALIGN (0x2)
 *fill*         0x0000000000800107        0x1 
                0x0000000000800108                _edata = .
                0x0000000000800108                PROVIDE (__data_end, .)

.bss            0x0000000000800108        0x0
                [!provide]                        PROVIDE (__bss_start, .)
 *(.bss)
 *(.bss*)
 *(COMMON)
                [!provide]                        PROVIDE (__bss_end, .)
                0x0000000000007f3e                __data_load_start = LOADADDR (.data)
                0x0000000000007f46                __data_load_end = (__data_load_start + SIZEOF (.data))

.noinit         0x0000000000800108        0x1
                [!provide]                        PROVIDE (__noinit_start, .)
 *(.noinit*)
 .noinit        0x0000000000800108        0x1 bootloader.o
                0x0000000000800108                mcusr_mirror
                [!provide]                        PROVIDE (__noinit_end, .)
                0x0000000000800109                _end = .
                [!provide]                        PROVIDE (__heap_start, .)

.eeprom         0x0000000000810000        0x0
 *(.eeprom*)
                0x0000000000810000                __eeprom_end = .

.fuse
 *(.fuse)
 *(.lfuse)
 *(.hfuse)
 *(.efuse)

.lock
 *(.lock*)

.signature
 *(.signature*)

.stab           0x0000000000000000     0x1830
 *(.stab)
 .stab          0x0000000000000000      0xd68 bootloader.o
 .stab          0x0000000000000d68      0xac8 twi_master/twi_master.o
                                        0xc84 (size before relaxing)

.stabstr        0x0000000000000000     0x1122
 *(.stabstr)
 .stabstr       0x0000000000000000     0x1122 bootloader.o

.stab.excl
 *(.stab.excl)

.stab.exclstr
 *(.stab.exclstr)

.stab.index
 *(.stab.index)

.stab.indexstr
 *(.stab.indexstr)

.comment        0x0000000000000000       0x22
 *(.comment)
 .comment       0x0000000000000000       0x22 bootloader.o
                                         0x23 (size before relaxing)
 .comment       0x0000000000000022       0x23 twi_master/twi_master.o

.note.gnu.avr.deviceinfo
                0x0000000000000000       0x40
 .note.gnu.avr.deviceinfo
                0x0000000000000000       0x40 /usr/lib/gcc/avr/7.2.0/../../../../avr/lib/avr5/crtatmega328p.o

.note.gnu.build-id
 *(.note.gnu.build-id)

.debug
 *(.debug)

.line
 *(.line)

.debug_srcinfo
 *(.debug_srcinfo)

.debug_sfnames
 *(.debug_sfnames)

.debug_aranges
 *(.debug_aranges)

.debug_pubnames
 *(.debug_pubnames)

.debug_info
 *(.debug_info .gnu.linkonce.wi.*)

.debug_abbrev
 *(.debug_abbrev)

.debug_line
 *(.debug_line .debug_line.* .debug_line_end)

.debug_frame
 *(.debug_frame)

.debug_str
 *(.debug_str)

.debug_loc
 *(.debug_loc)

.debug_macinfo
 *(.debug_macinfo)

.debug_weaknames
 *(.debug_weaknames)

.debug_funcnames
 *(.debug_funcnames)

.debug_typenames
 *(.debug_typenames)

.debug_varnames
 *(.debug_varnames)

.debug_pubtypes
 *(.debug_pubtypes)

.debug_ranges
 *(.debug_ranges)

.debug_macro
 *(.debug_macro)

.debug_addr
 *(.debug_addr)
OUTPUT(bootloader.elf elf32-avr)
LOAD linker stubs

Cross Reference Table

Символ                                      Файл
__bad_interrupt                                   /usr/lib/gcc/avr/7.2.0/../../../../avr/lib/avr5/crtatmega328p.o
__data_end                                        /usr/lib/gcc/avr/7.2.0/avr5/libgcc.a(_copy_data.o)
__data_load_start                                 /usr/lib/gcc/avr/7.2.0/avr5/libgcc.a(_copy_data.o)
__data_start                                      /usr/lib/gcc/avr/7.2.0/avr5/libgcc.a(_copy_data.o)
__do_copy_data                                    /usr/lib/gcc/avr/7.2.0/avr5/libgcc.a(_copy_data.o)
                                                  bootloader.o
__heap_end                                        /usr/lib/gcc/avr/7.2.0/../../../../avr/lib/avr5/crtatmega328p.o
__init                                            /usr/lib/gcc/avr/7.2.0/../../../../avr/lib/avr5/crtatmega328p.o
__stack                                           /usr/lib/gcc/avr/7.2.0/../../../../avr/lib/avr5/crtatmega328p.o
__udivmodhi4                                      /usr/lib/gcc/avr/7.2.0/avr5/libgcc.a(_udivmodhi4.o)
                                                  bootloader.o
__vector_1                                        /usr/lib/gcc/avr/7.2.0/../../../../avr/lib/avr5/crtatmega328p.o
__vector_10                                       /usr/lib/gcc/avr/7.2.0/../../../../avr/lib/avr5/crtatmega328p.o
__vector_11                                       /usr/lib/gcc/avr/7.2.0/../../../../avr/lib/avr5/crtatmega328p.o
__vector_12                                       /usr/lib/gcc/avr/7.2.0/../../../../avr/lib/avr5/crtatmega328p.o
__vector_13                                       /usr/lib/gcc/avr/7.2.0/../../../../avr/lib/avr5/crtatmega328p.o
__vector_14                                       /usr/lib/gcc/avr/7.2.0/../../../../avr/lib/avr5/crtatmega328p.o
__vector_15                                       /usr/lib/gcc/avr/7.2.0/../../../../avr/lib/avr5/crtatmega328p.o
__vector_16                                       /usr/lib/gcc/avr/7.2.0/../../../../avr/lib/avr5/crtatmega328p.o
__vector_17                                       /usr/lib/gcc/avr/7.2.0/../../../../avr/lib/avr5/crtatmega328p.o
__vector_18                                       /usr/lib/gcc/avr/7.2.0/../../../../avr/lib/avr5/crtatmega328p.o
__vector_19                                       /usr/lib/gcc/avr/7.2.0/../../../../avr/lib/avr5/crtatmega328p.o
__vector_2                                        /usr/lib/gcc/avr/7.2.0/../../../../avr/lib/avr5/crtatmega328p.o
__vector_20                                       /usr/lib/gcc/avr/7.2.0/../../../../avr/lib/avr5/crtatmega328p.o
__vector_21                                       /usr/lib/gcc/avr/7.2.0/../../../../avr/lib/avr5/crtatmega328p.o
__vector_22                                       /usr/lib/gcc/avr/7.2.0/../../../../avr/lib/avr5/crtatmega328p.o
__vector_23                                       /usr/lib/gcc/avr/7.2.0/../../../../avr/lib/avr5/crtatmega328p.o
__vector_24                                       /usr/lib/gcc/avr/7.2.0/../../../../avr/lib/avr5/crtatmega328p.o
__vector_25                                       /usr/lib/gcc/avr/7.2.0/../../../../avr/lib/avr5/crtatmega328p.o
__vector_3                                        /usr/lib/gcc/avr/7.2.0/../../../../avr/lib/avr5/crtatmega328p.o
__vector_4                                        /usr/lib/gcc/avr/7.2.0/../../../../avr/lib/avr5/crtatmega328p.o
__vector_5                                        /usr/lib/gcc/avr/7.2.0/../../../../avr/lib/avr5/crtatmega328p.o
__vector_6                                        /usr/lib/gcc/avr/7.2.0/../../../../avr/lib/avr5/crtatmega328p.o
__vector_7                                        /usr/lib/gcc/avr/7.2.0/../../../../avr/lib/avr5/crtatmega328p.o
__vector_8                                        /usr/lib/gcc/avr/7.2.0/../../../../avr/lib/avr5/crtatmega328p.o
__vector_9                                        /usr/lib/gcc/avr/7.2.0/../../../../avr/lib/avr5/crtatmega328p.o
__vector_default                                  /usr/lib/gcc/avr/7.2.0/../../../../avr/lib/avr5/crtatmega328p.o
__vectors                                         /usr/lib/gcc/avr/7.2.0/../../../../avr/lib/avr5/crtatmega328p.o
_exit                                             /usr/lib/gcc/avr/7.2.0/avr5/libgcc.a(_exit.o)
application_crc_expected_index                    bootloader.o
exit                                              /usr/lib/gcc/avr/7.2.0/avr5/libgcc.a(_exit.o)
                                                  /usr/lib/gcc/avr/7.2.0/../../../../avr/lib/avr5/crtatmega328p.o
get_mcusr                                         bootloader.o
ic_addr                                           bootloader.o
main                                              bootloader.o
                                                  /usr/lib/gcc/avr/7.2.0/../../../../avr/lib/avr5/crtatmega328p.o
mcusr_mirror                                      bootloader.o
mem_addr                                          bootloader.o
mem_addr1                                         bootloader.o
twi_master_init                                   twi_master/twi_master.o
                                                  bootloader.o
twi_master_read                                   twi_master/twi_master.o
twi_master_read16_reg16                           twi_master/twi_master.o
                                                  bootloader.o
twi_master_read16_reg8                            twi_master/twi_master.o
                                                  bootloader.o
twi_master_start                                  twi_master/twi_master.o
twi_master_stop                                   twi_master/twi_master.o
twi_master_write                                  twi_master/twi_master.o
twi_master_write16_reg16                          twi_master/twi_master.o
twi_master_write16_reg8                           twi_master/twi_master.o
                                                  bootloader.o
